https://docs.google.com/document/d/1cetGlM1jyzbjEcR15kVpiJQOtj8MEbL-Vsm4wLeC_jA/edit?usp=drivesdk
