https://docs.google.com/document/d/1QCsRuWOItztFNFW-GtiJePoY2DwCw3-FqNXLcongSjQ/edit?usp=drivesdk
