https://docs.google.com/document/d/1qHipePavgSB4NwDgFwHxZhZdk8FFgyYVyXXe6A16-QE/edit?usp=drivesdk
