https://docs.google.com/document/d/1DCuYC-O346msUO1OJSaxRBxYEkIjNXlNLMqwLoLoiRo/edit?usp=drivesdk
